// Jest Snapshot v1, https://goo.gl/fbAQLP

exports[`styled-components for the Button component should test the styled-component 1`] = `
<button
  className="sc-AxjAm jprkwh"
/>
`;
