// Jest Snapshot v1, https://goo.gl/fbAQLP

exports[`Spiner / Styles SpinerContainer Default 1`] = `
.c0 {
  display: -webkit-box;
  display: -webkit-flex;
  display: -ms-flexbox;
  display: flex;
  -webkit-flex-direction: column;
  -ms-flex-direction: column;
  flex-direction: column;
  -webkit-align-items: center;
  -webkit-box-align: center;
  -ms-flex-align: center;
  align-items: center;
  -webkit-box-pack: center;
  -webkit-justify-content: center;
  -ms-flex-pack: center;
  justify-content: center;
  -webkit-box-pack: space-evenly;
  -webkit-justify-content: space-evenly;
  -ms-flex-pack: space-evenly;
  justify-content: space-evenly;
  border-top: 1px solid var(--light-grey-2);
  border-bottom: 1px solid var(--light-grey-2);
  padding: 10px;
}

<div
  className="c0"
/>
`;
