// Jest Snapshot v1, https://goo.gl/fbAQLP

exports[`templates / templateWraper templateWraper 1`] = `
<main
  className=""
/>
`;
