// Jest Snapshot v1, https://goo.gl/fbAQLP

exports[`Global styles with styled-components should test the component 1`] = `null`;
