// Jest Snapshot v1, https://goo.gl/fbAQLP

exports[`Avatar / Styles Avatar Styles / Default 1`] = `
.c0 {
  --size: 2.75rem;
  display: block;
  width: var(--size);
  height: var(--size);
  background-color: var(--grey);
  border-radius: 50%;
  object-fit: cover;
  border: none;
}

<img
  alt="Avatar"
  className="c0"
  size="2.75rem"
  src="https://images.unsplash.com/photo-1535713875002-d1d0cf377fde?ixlib=rb-1.2.1&ixid=eyJhcHBfaWQiOjEyMDd9&auto=format&fit=crop&w=800&q=80"
/>
`;
