// Jest Snapshot v1, https://goo.gl/fbAQLP

exports[`templates / templateCoundown templateCoundown Default 1`] = `
.c0 {
  position: relative;
  width: 100vw;
  height: 290px;
  padding-top: 33px;
  font-family: var(--font);
  background-color: var(--primary-color);
  text-align: center;
}

@media screen and (max-width:620px) {
  .c0 {
    height: 200px;
  }
}

<section
  className="c0"
/>
`;

exports[`templates / templateCoundown templateCoundown Phrase 1`] = `
.c0 {
  font-size: 72px;
  font-weight: bold;
  color: var(--light-green);
  opacity: 0.2;
}

@media screen and (max-width:620px) {
  .c0 {
    font-size: 38px;
  }
}

<div
  className="c0"
/>
`;

exports[`templates / templateCoundown templateCoundown Timer 1`] = `
.c0 {
  position: absolute;
  bottom: 60px;
  left: calc((100vw - 510px) / 2);
}

@media screen and (max-width:620px) {
  .c0 {
    bottom: 20px;
    -webkit-transform: scale(0.7);
    -ms-transform: scale(0.7);
    transform: scale(0.7);
  }
}

<div
  className="c0"
/>
`;
